// Jest Snapshot v1, https://goo.gl/fbAQLP

exports[`<NavBar /> should render the heading 1`] = `
<main
  class=""
>
  <h1>
    NavBar
  </h1>
</main>
`;
